
###### Main Start ######
-------------------------------------------------------------------------------------
<Start Time>
2026/04/15 19:45

<System Infomation>
Version			: 1.20.87.0(Kor)
CPU Vendor			: AuthenticAMD
CPU Name			: AMD EPYC 7542 32-Core Processor                
CPU Clock			: 2900MHz 
Processor Architecture	: x86 (32-bit)
Number of Processors	: 32
RAM				: 2048MB
OS				: Windows 10 Enterprise LTSC 2024
DX				: 9.0
Game Window Size		: 1024 x 768
-------------------------------------------------------------------------------------

> [Start] : Config.ini File Load.
	> [Complete] : Config.ini File Load.
> [Start] : Table Script Load.
	> [Complete] : Table Script Load.
> [Start] : Artifact File Load.
	> [Complete] : Artifact File Load.
> [Start] : GameGuard Init.
	> [Complete] : GameGuard Init.
> [Start] : StartWindow()
	> [Complete] : StartWindow()
> [Start] : Create OpenGL Window.
	> [Complete] : Create OpenGL Window.

-------------------------------------------------------------------------------------
<OpenGL Information>
Vendor		: NVIDIA Corporation
Render		: Quadro P5000/PCIe/SSE2
OpenGL version	: 4.6.0 NVIDIA 571.59
Max Texture size	: 32768 x 32768
Max Viewport size	: 32768 x 32768
-------------------------------------------------------------------------------------
> [Start] : GameGuard Connect Window Handle.
	> [Complete] : GameGuard Connect Window Handle.
> [Start] : FMode Init.
	> [Complete] : FMode Init.
> [Start] : NewUISystem Init.
	> [Complete] : NewUISystem Init.
> [Start] : Gfx Create Device & Init.
	> [Complete] : Gfx Create Device & Init.
> [Start] : CharacterMachine Init.
	> [Complete] : CharacterMachine Init.
> [Start] : WebzenScene()
[ResourceGuard] Check Integrity... : data\local\Gameguard.csr
[ResourceGuard] ResourceGuard checksum is perfectly matched.
[ResourceGuard] Check Integrity... : data\local\Gameguard.csr
[ResourceGuard] ResourceGuard checksum is perfectly matched.
[Check] 같은 인덱스를 사용하는 파일이 2개이상 존재합니다(old file을 삭제하고 new file을 새로 읽음)
	Index :34124
	Old File:Data\Effect\Blur_Aura002.jpg
	New File:Data\Item\texture\Blur_Aura002.jpg
	> [Start] : Muun Rendering Data Load.
		> [Complete] : Muun Rendering Data Load.
[ResourceGuard] Check Integrity... : data\local\Gameguard.csr
[ResourceGuard] ResourceGuard checksum is perfectly matched.
	> [Start] : GfxLoad()
		> [Complete] : GfxLoad()
	> [Start] : Set Resolution.
		> [Complete] : Set Resolution.
	> [Complete] : WebzenScene()
> [Start] : LoginScene()
[move world] OpenWorld() <start> : 94
[move world] OpenWorld() <end> : 94
[Connect to Server] ip address = 51.81.76.117, port = 44405
	> [Complete] : LoginScene()
> Request Server List. [Send]->[Receive]->[Complete]
->[Receive]->[Complete]
[ReceiveServerConnect][Socket Closed][Clear PacketQueue]
[Connect to Server] ip address = 51.81.76.117, port = 55901
> Login Request.
> Try to Login "xman"
> Request Character list
[move world] OpenWorld() <start> : 93
[move world] OpenWorld() <end> : 93
> Character scene init success.
WM_CLOSE[Socket Closed][Clear PacketQueue]
KillGLWindow()
Destroy

###### Main Start ######
-------------------------------------------------------------------------------------
<Start Time>
2026/04/15 19:46

<System Infomation>
Version			: 1.20.87.0(Kor)
CPU Vendor			: AuthenticAMD
CPU Name			: AMD EPYC 7542 32-Core Processor                
CPU Clock			: 2900MHz 
Processor Architecture	: x86 (32-bit)
Number of Processors	: 32
RAM				: 2048MB
OS				: Windows 10 Enterprise LTSC 2024
DX				: 9.0
Game Window Size		: 1024 x 768
-------------------------------------------------------------------------------------

> [Start] : Config.ini File Load.
	> [Complete] : Config.ini File Load.
> [Start] : Table Script Load.
	> [Complete] : Table Script Load.
> [Start] : Artifact File Load.
	> [Complete] : Artifact File Load.
> [Start] : GameGuard Init.
	> [Complete] : GameGuard Init.
> [Start] : StartWindow()
	> [Complete] : StartWindow()
> [Start] : Create OpenGL Window.
	> [Complete] : Create OpenGL Window.

-------------------------------------------------------------------------------------
<OpenGL Information>
Vendor		: NVIDIA Corporation
Render		: Quadro P5000/PCIe/SSE2
OpenGL version	: 4.6.0 NVIDIA 571.59
Max Texture size	: 32768 x 32768
Max Viewport size	: 32768 x 32768
-------------------------------------------------------------------------------------
> [Start] : GameGuard Connect Window Handle.
	> [Complete] : GameGuard Connect Window Handle.
> [Start] : FMode Init.
	> [Complete] : FMode Init.
> [Start] : NewUISystem Init.
	> [Complete] : NewUISystem Init.
> [Start] : Gfx Create Device & Init.
	> [Complete] : Gfx Create Device & Init.
> [Start] : CharacterMachine Init.
	> [Complete] : CharacterMachine Init.
> [Start] : WebzenScene()
[ResourceGuard] Check Integrity... : data\local\Gameguard.csr
[ResourceGuard] ResourceGuard checksum is perfectly matched.
[ResourceGuard] Check Integrity... : data\local\Gameguard.csr
[ResourceGuard] ResourceGuard checksum is perfectly matched.
[Check] 같은 인덱스를 사용하는 파일이 2개이상 존재합니다(old file을 삭제하고 new file을 새로 읽음)
	Index :34124
	Old File:Data\Effect\Blur_Aura002.jpg
	New File:Data\Item\texture\Blur_Aura002.jpg
	> [Start] : Muun Rendering Data Load.
		> [Complete] : Muun Rendering Data Load.
[ResourceGuard] Check Integrity... : data\local\Gameguard.csr
[ResourceGuard] ResourceGuard checksum is perfectly matched.
	> [Start] : GfxLoad()
		> [Complete] : GfxLoad()
	> [Start] : Set Resolution.
		> [Complete] : Set Resolution.
	> [Complete] : WebzenScene()
> [Start] : LoginScene()
[move world] OpenWorld() <start> : 94
[move world] OpenWorld() <end> : 94
[Connect to Server] ip address = 51.81.76.117, port = 44405
	> [Complete] : LoginScene()
> Request Server List. [Send]->[Receive]->[Complete]
->[Receive]->[Complete]
[ReceiveServerConnect][Socket Closed][Clear PacketQueue]
[Connect to Server] ip address = 51.81.76.117, port = 55901
> Login Request.
> Try to Login "xman"
> Request Character list
[move world] OpenWorld() <start> : 93
[move world] OpenWorld() <end> : 93
> Character scene init success.
[move world] OpenWorld() <start> : 93
[move world] OpenWorld() <end> : 93
> Character scene init success.
WM_CLOSE[Socket Closed][Clear PacketQueue]
KillGLWindow()
Destroy

###### Main Start ######
-------------------------------------------------------------------------------------
<Start Time>
2026/04/15 19:57

<System Infomation>
Version			: 1.20.87.0(Kor)
CPU Vendor			: AuthenticAMD
CPU Name			: AMD EPYC 7542 32-Core Processor                
CPU Clock			: 2900MHz 
Processor Architecture	: x86 (32-bit)
Number of Processors	: 32
RAM				: 2048MB
OS				: Windows 10 Enterprise LTSC 2024
DX				: 9.0
Game Window Size		: 1024 x 768
-------------------------------------------------------------------------------------

> [Start] : Config.ini File Load.
	> [Complete] : Config.ini File Load.
> [Start] : Table Script Load.
	> [Complete] : Table Script Load.
> [Start] : Artifact File Load.
	> [Complete] : Artifact File Load.
> [Start] : GameGuard Init.
	> [Complete] : GameGuard Init.
> [Start] : StartWindow()
	> [Complete] : StartWindow()
> [Start] : Create OpenGL Window.
	> [Complete] : Create OpenGL Window.

-------------------------------------------------------------------------------------
<OpenGL Information>
Vendor		: NVIDIA Corporation
Render		: Quadro P5000/PCIe/SSE2
OpenGL version	: 4.6.0 NVIDIA 571.59
Max Texture size	: 32768 x 32768
Max Viewport size	: 32768 x 32768
-------------------------------------------------------------------------------------
> [Start] : GameGuard Connect Window Handle.
	> [Complete] : GameGuard Connect Window Handle.
> [Start] : FMode Init.
	> [Complete] : FMode Init.
> [Start] : NewUISystem Init.
	> [Complete] : NewUISystem Init.
> [Start] : Gfx Create Device & Init.
	> [Complete] : Gfx Create Device & Init.
> [Start] : CharacterMachine Init.
	> [Complete] : CharacterMachine Init.
> [Start] : WebzenScene()
[ResourceGuard] Check Integrity... : data\local\Gameguard.csr
[ResourceGuard] ResourceGuard checksum is perfectly matched.
[ResourceGuard] Check Integrity... : data\local\Gameguard.csr
[ResourceGuard] ResourceGuard checksum is perfectly matched.
[Check] 같은 인덱스를 사용하는 파일이 2개이상 존재합니다(old file을 삭제하고 new file을 새로 읽음)
	Index :34124
	Old File:Data\Effect\Blur_Aura002.jpg
	New File:Data\Item\texture\Blur_Aura002.jpg
	> [Start] : Muun Rendering Data Load.
		> [Complete] : Muun Rendering Data Load.
[ResourceGuard] Check Integrity... : data\local\Gameguard.csr
[ResourceGuard] ResourceGuard checksum is perfectly matched.
	> [Start] : GfxLoad()
		> [Complete] : GfxLoad()
	> [Start] : Set Resolution.
		> [Complete] : Set Resolution.
	> [Complete] : WebzenScene()
> [Start] : LoginScene()
[move world] OpenWorld() <start> : 94
[move world] OpenWorld() <end> : 94
[Connect to Server] ip address = 51.81.76.117, port = 44405
	> [Complete] : LoginScene()
> Request Server List. [Send]->[Receive]->[Complete]
->[Receive]->[Complete]
[ReceiveServerConnect][Socket Closed][Clear PacketQueue]
[Connect to Server] ip address = 51.81.76.117, port = 55901
> Login Request.
> Try to Login "xman"
> Request Character list
[move world] OpenWorld() <start> : 93
[move world] OpenWorld() <end> : 93
> Character scene init success.
[move world] OpenWorld() <start> : 93
[move world] OpenWorld() <end> : 93
> Character scene init success.
> Character selected <1> "XMAN"
> Main Scene init success. 2026/04/15 19:57
[move world] ReceiveJoinMapServer() <start> : 93
[move world] OpenWorld() <start> : 0
[Check] 같은 인덱스를 사용하는 파일이 2개이상 존재합니다(old file을 삭제하고 new file을 새로 읽음)
	Index :30495
	Old File:Data\World1\leaf01.tga
	New File:Data\World1\leaf01.jpg
[move world] OpenWorld() <end> : 0
[ResourceGuard] Check Integrity... : data\local\Gameguard.csr
[ResourceGuard] ResourceGuard checksum is perfectly matched.
[move world] ReceiveJoinMapServer() <end> : 0
WM_CLOSE[Socket Closed][Clear PacketQueue]
KillGLWindow()
Destroy
